// Jest Snapshot v1, https://goo.gl/fbAQLP

exports[`Main Page Design Home/login page layout 1`] = `ReactWrapper {}`;
